python : D:\desktop\work\EromoVentures Projects\ToriAveys
CMS\backend\tests\test_cleanup_async.py:64: SAWarning: 
DELETE statement on table 'vizard_projects' expected to 
delete 1 row(s); 0 were matched.  Please set 
confirm_deleted_rows=False within the mapper 
configuration to prevent this warning.
At line:1 char:22
+ ... ONPATH="."; python tests/test_cleanup_async.py > 
test_output.txt 2>&1 ...
+                 
~~~~~~~~~~~~~~~~~~~~~~~~~~~~~~~~~~~~~~~~~~~~~~~~~~~~~~~~~
    + CategoryInfo          : NotSpecified: (D:\desktop\ 
   work...t this warning.:String) [], RemoteException
    + FullyQualifiedErrorId : NativeCommandError
 
  db.commit()
Loading .env from: D:\desktop\work\EromoVentures Projects\ToriAveysCMS\backend\.env
==================================================
COMPOSIO AUTH CONFIGS LOADED:
  YOUTUBE: ac_k52SYLzaka_3
  LINKEDIN: [EMPTY]
  TWITTER: ac_9tXZ0gV5ejEX
  INSTAGRAM: ac_QEKa96-tlsr6
  FACEBOOK: ac_1nIBqoVv6kQF
  WORDPRESS: [EMPTY]
==================================================
Instagram Business Account ID: 17841478244183108
Facebook Page ID: 963138326864286
Setting up test data...
Created failed project: test_failed_project_123
Calling list_projects (which should trigger cleanup)...
Got 41 projects
FAILURE: Failed project still exists.
